// Jest Snapshot v1, https://goo.gl/fbAQLP

exports[`Pending should match snapshot 1`] = `
<div
  class="makeStyles-loadingWrapper-1"
>
  <div
    class="MuiCircularProgress-root makeStyles-root-2 makeStyles-colorPrimary-3 MuiCircularProgress-colorPrimary MuiCircularProgress-indeterminate"
    role="progressbar"
    style="width: 40px; height: 40px;"
  >
    <svg
      class="MuiCircularProgress-svg"
      viewBox="22 22 44 44"
    >
      <circle
        class="MuiCircularProgress-circle MuiCircularProgress-circleIndeterminate"
        cx="44"
        cy="44"
        fill="none"
        r="20.2"
        stroke-width="3.6"
      />
    </svg>
  </div>
</div>
`;
